Change Physical Footprint: Designator=C1 Old Footprint=CAP_0603 New Footprint=CAP_0603
Change Physical Footprint: Designator=C2 Old Footprint=CAP_0805 New Footprint=CAP_0805
Change Physical Footprint: Designator=C3 Old Footprint=CAP_0805 New Footprint=CAP_0805
Change Physical Footprint: Designator=C4 Old Footprint=CAP_0603 New Footprint=CAP_0603
Change Physical Footprint: Designator=C5 Old Footprint=CAP_0603 New Footprint=CAP_0603
Change Physical Footprint: Designator=C6 Old Footprint=CAP_1206 New Footprint=CAP_1206
Change Physical Footprint: Designator=C7 Old Footprint=CAP_1206 New Footprint=CAP_1206
Change Physical Footprint: Designator=C8 Old Footprint=CAP_0805 New Footprint=CAP_0805
Change Physical Footprint: Designator=C9 Old Footprint=CAP_0603 New Footprint=CAP_0603
Change Physical Footprint: Designator=C10 Old Footprint=CAP_0603 New Footprint=CAP_0603
Change Physical Footprint: Designator=C11 Old Footprint=CAP_0603 New Footprint=CAP_0603
Change Physical Footprint: Designator=C12 Old Footprint=CAP_0603 New Footprint=CAP_0603
Change Physical Footprint: Designator=C13 Old Footprint=CAP_0603 New Footprint=CAP_0603
Change Physical Footprint: Designator=C14 Old Footprint=CAP_0805 New Footprint=CAP_0805
Change Physical Footprint: Designator=C15 Old Footprint=CAP_0603 New Footprint=CAP_0603
Change Physical Footprint: Designator=C16 Old Footprint=CAP_0805 New Footprint=CAP_0805
Change Physical Footprint: Designator=C17 Old Footprint=CAP_0805 New Footprint=CAP_0805
Change Physical Footprint: Designator=C18 Old Footprint=CAP_0603 New Footprint=CAP_0603
Change Physical Footprint: Designator=C19 Old Footprint=CAP_0603 New Footprint=CAP_0603
Change Physical Footprint: Designator=C20 Old Footprint=CAP_0603 New Footprint=CAP_0603
Change Physical Footprint: Designator=C21 Old Footprint=CAP_0603 New Footprint=CAP_0603
Change Physical Footprint: Designator=C22 Old Footprint=CAP_0603 New Footprint=CAP_0603
Change Physical Footprint: Designator=C23 Old Footprint=CAP_0603 New Footprint=CAP_0603
Change Physical Footprint: Designator=C24 Old Footprint=CAP_0603 New Footprint=CAP_0603
Change Physical Footprint: Designator=C25 Old Footprint=CAP_0603 New Footprint=CAP_0603
Change Physical Footprint: Designator=D1 Old Footprint=LED_RED_0805 New Footprint=LED_RED_0805
Change Physical Footprint: Designator=D2 Old Footprint=DIOM7959 New Footprint=DIOM7959
Change Physical Footprint: Designator=D3 Old Footprint=DIOM522 New Footprint=DIOM522
Change Physical Footprint: Designator=D4 Old Footprint=LED_GREEN_0805 New Footprint=LED_GREEN_0805
Change Physical Footprint: Designator=D5 Old Footprint=LED_GREEN_0805 New Footprint=LED_GREEN_0805
Change Physical Footprint: Designator=D6 Old Footprint=LED_GREEN_0805 New Footprint=LED_GREEN_0805
Change Physical Footprint: Designator=D7 Old Footprint=LED_GREEN_0805 New Footprint=LED_GREEN_0805
Change Physical Footprint: Designator=F1 Old Footprint=FUSE_0603 New Footprint=FUSE_0603
Change Physical Footprint: Designator=J1 Old Footprint=TBP01R1-508 New Footprint=TBP01R1-508
Change Physical Footprint: Designator=L1 Old Footprint=INDM868 New Footprint=INDM868
Change Physical Footprint: Designator=P1 Old Footprint=HDR1X5 New Footprint=HDR1X5
Change Physical Footprint: Designator=P2 Old Footprint=S2B-XH-A New Footprint=S2B-XH-A
Change Physical Footprint: Designator=P3 Old Footprint=5-146281-3 header New Footprint=5-146281-3 header
Change Physical Footprint: Designator=P4 Old Footprint=5-146281-3 header New Footprint=5-146281-3 header
Change Physical Footprint: Designator=P5 Old Footprint=5-146281-3 header New Footprint=5-146281-3 header
Change Physical Footprint: Designator=P6 Old Footprint=5-146281-3 header New Footprint=5-146281-3 header
Change Physical Footprint: Designator=P7 Old Footprint=5-146281-3 header New Footprint=5-146281-3 header
Change Physical Footprint: Designator=P8 Old Footprint=5-146281-3 header New Footprint=5-146281-3 header
Change Physical Footprint: Designator=P9 Old Footprint=5-146281-3 header New Footprint=5-146281-3 header
Change Physical Footprint: Designator=P10 Old Footprint=5-146281-3 header New Footprint=5-146281-3 header
Change Physical Footprint: Designator=P11 Old Footprint=AMPHENOL New Footprint=AMPHENOL
Change Physical Footprint: Designator=P12 Old Footprint=S4B-XH-A New Footprint=S4B-XH-A
Change Physical Footprint: Designator=P13 Old Footprint=S4B-XH-A New Footprint=S4B-XH-A
Change Physical Footprint: Designator=P14 Old Footprint=S4B-XH-A New Footprint=S4B-XH-A
Change Physical Footprint: Designator=P15 Old Footprint=S4B-XH-A New Footprint=S4B-XH-A
Change Physical Footprint: Designator=PB1 Old Footprint=EG1215AA New Footprint=EG1215AA
Change Physical Footprint: Designator=Q1 Old Footprint=SOT95P23 New Footprint=SOT95P23
Change Physical Footprint: Designator=R1 Old Footprint=RES_0603 New Footprint=RES_0603
Change Physical Footprint: Designator=R2 Old Footprint=RES_0603 New Footprint=RES_0603
Change Physical Footprint: Designator=R3 Old Footprint=RES_0603 New Footprint=RES_0603
Change Physical Footprint: Designator=R4 Old Footprint=RES_0603 New Footprint=RES_0603
Change Physical Footprint: Designator=R5 Old Footprint=RES_0603 New Footprint=RES_0603
Change Physical Footprint: Designator=R6 Old Footprint=RES_0603 New Footprint=RES_0603
Change Physical Footprint: Designator=R7 Old Footprint=RES_0603 New Footprint=RES_0603
Change Physical Footprint: Designator=R8 Old Footprint=RES_0603 New Footprint=RES_0603
Change Physical Footprint: Designator=R9 Old Footprint=RES_0603 New Footprint=RES_0603
Change Physical Footprint: Designator=R10 Old Footprint=RES_0603 New Footprint=RES_0603
Change Physical Footprint: Designator=R11 Old Footprint=RES_0603 New Footprint=RES_0603
Change Physical Footprint: Designator=R12 Old Footprint=RES_0603 New Footprint=RES_0603
Change Physical Footprint: Designator=R13 Old Footprint=RES_0603 New Footprint=RES_0603
Change Physical Footprint: Designator=R14 Old Footprint=RES_0603 New Footprint=RES_0603
Change Physical Footprint: Designator=R15 Old Footprint=RES_0603 New Footprint=RES_0603
Change Physical Footprint: Designator=R16 Old Footprint=RES_0603 New Footprint=RES_0603
Change Physical Footprint: Designator=R17 Old Footprint=RES_0603 New Footprint=RES_0603
Change Physical Footprint: Designator=R18 Old Footprint=RES_0603 New Footprint=RES_0603
Change Physical Footprint: Designator=R19 Old Footprint=RES_0603 New Footprint=RES_0603
Change Physical Footprint: Designator=R20 Old Footprint=RES_0603 New Footprint=RES_0603
Change Physical Footprint: Designator=R21 Old Footprint=RES_0603 New Footprint=RES_0603
Change Physical Footprint: Designator=R22 Old Footprint=RES_0603 New Footprint=RES_0603
Change Physical Footprint: Designator=R23 Old Footprint=RES_0603 New Footprint=RES_0603
Change Physical Footprint: Designator=R24 Old Footprint=RES_0603 New Footprint=RES_0603
Change Physical Footprint: Designator=R25 Old Footprint=RES_0603 New Footprint=RES_0603
Change Physical Footprint: Designator=R26 Old Footprint=RES_0603 New Footprint=RES_0603
Change Physical Footprint: Designator=R27 Old Footprint=RES_0603 New Footprint=RES_0603
Change Physical Footprint: Designator=R28 Old Footprint=RES_0603 New Footprint=RES_0603
Change Physical Footprint: Designator=R29 Old Footprint=RES_0603 New Footprint=RES_0603
Change Physical Footprint: Designator=R30 Old Footprint=RES_0603 New Footprint=RES_0603
Change Physical Footprint: Designator=R31 Old Footprint=RES_0603 New Footprint=RES_0603
Change Physical Footprint: Designator=R32 Old Footprint=RES_0603 New Footprint=RES_0603
Change Physical Footprint: Designator=R33 Old Footprint=RES_0603 New Footprint=RES_0603
Change Physical Footprint: Designator=SW1 Old Footprint=EG1215AA New Footprint=EG1215AA
Change Physical Footprint: Designator=U1 Old Footprint=USB_2169900002 New Footprint=USB_2169900002
Change Physical Footprint: Designator=U2 Old Footprint=SOT-23-6 New Footprint=SOT-23-6
Change Physical Footprint: Designator=U3 Old Footprint=SOT95-P New Footprint=SOT95-P
Change Physical Footprint: Designator=U4 Old Footprint=SOIC127 New Footprint=SOIC127
Change Physical Footprint: Designator=U5 Old Footprint=QFP50P_STM32 New Footprint=QFP50P_STM32
Change Physical Footprint: Designator=U6 Old Footprint=WFLGA-10 New Footprint=WFLGA-10
Change Physical Footprint: Designator=U7 Old Footprint=TFQFN-24 New Footprint=TFQFN-24
Change Physical Footprint: Designator=U8 Old Footprint=SOIJ8 New Footprint=SOIJ8
Change Physical Footprint: Designator=X1 Old Footprint=ABS05-32.768KHZ-T New Footprint=ABS05-32.768KHZ-T
