Replace Part C8 CAP CER 4.7uF 0805 in C:\Users\Public\Documents\Altium\Flight_Controller\MICROCONTROLLER.SchDoc with CAP CER 4.7uF 0805 from UDEMY_LÝBRARY.IntLib
Replace Part C9 CAP CER 100nF 0603 in C:\Users\Public\Documents\Altium\Flight_Controller\MICROCONTROLLER.SchDoc with CAP CER 100nF 0603 from UDEMY_LÝBRARY.IntLib
Replace Part C10 CAP CER 100nF 0603 in C:\Users\Public\Documents\Altium\Flight_Controller\MICROCONTROLLER.SchDoc with CAP CER 100nF 0603 from UDEMY_LÝBRARY.IntLib
Replace Part C11 CAP CER 100nF 0603 in C:\Users\Public\Documents\Altium\Flight_Controller\MICROCONTROLLER.SchDoc with CAP CER 100nF 0603 from UDEMY_LÝBRARY.IntLib
Replace Part C12 CAP CER 100nF 0603 in C:\Users\Public\Documents\Altium\Flight_Controller\MICROCONTROLLER.SchDoc with CAP CER 100nF 0603 from UDEMY_LÝBRARY.IntLib
Replace Part C13 CAP CER 100nF 0603 in C:\Users\Public\Documents\Altium\Flight_Controller\MICROCONTROLLER.SchDoc with CAP CER 100nF 0603 from UDEMY_LÝBRARY.IntLib
Replace Part C14 CAP_CER_1uF 0805 in C:\Users\Public\Documents\Altium\Flight_Controller\MICROCONTROLLER.SchDoc with CAP_CER_1uF 0805 from UDEMY_LÝBRARY.IntLib
Replace Part C15 CAP CER 1uF 0805 in C:\Users\Public\Documents\Altium\Flight_Controller\MICROCONTROLLER.SchDoc with CAP CER 1uF 0805 from UDEMY_Library.IntLib
Replace Part C16 CAP CER 1uF 0805 in C:\Users\Public\Documents\Altium\Flight_Controller\MICROCONTROLLER.SchDoc with CAP CER 1uF 0805 from UDEMY_Library.IntLib
Replace Part C17 CAP_CER_20pF in C:\Users\Public\Documents\Altium\Flight_Controller\MICROCONTROLLER.SchDoc with CAP_CER_20pF from UDEMY_LÝBRARY.IntLib
Replace Part C18 CAP_CER_20pF in C:\Users\Public\Documents\Altium\Flight_Controller\MICROCONTROLLER.SchDoc with CAP_CER_20pF from UDEMY_LÝBRARY.IntLib
Replace Part D4 LED_GREEN_0805 in C:\Users\Public\Documents\Altium\Flight_Controller\MICROCONTROLLER.SchDoc with LED_GREEN_0805 from UDEMY_LÝBRARY.IntLib
Replace Part D5 LED_GREEN_0805 in C:\Users\Public\Documents\Altium\Flight_Controller\MICROCONTROLLER.SchDoc with LED_GREEN_0805 from UDEMY_LÝBRARY.IntLib
Replace Part D6 LED_GREEN_0805 in C:\Users\Public\Documents\Altium\Flight_Controller\MICROCONTROLLER.SchDoc with LED_GREEN_0805 from UDEMY_LÝBRARY.IntLib
Replace Part D7 LED_GREEN_0805 in C:\Users\Public\Documents\Altium\Flight_Controller\MICROCONTROLLER.SchDoc with LED_GREEN_0805 from UDEMY_LÝBRARY.IntLib
Replace Part P1 Header 5 in C:\Users\Public\Documents\Altium\Flight_Controller\MICROCONTROLLER.SchDoc with Header 5 from Miscellaneous Connectors.IntLib
Replace Part P2 Connector Header Through Hole in C:\Users\Public\Documents\Altium\Flight_Controller\MICROCONTROLLER.SchDoc with Connector Header Through Hole from UDEMY_Library.IntLib
Replace Part P3 Header 3 pin in C:\Users\Public\Documents\Altium\Flight_Controller\MICROCONTROLLER.SchDoc with Header 3 pin from UDEMY_Library.IntLib
Replace Part P4 Header 3 pin in C:\Users\Public\Documents\Altium\Flight_Controller\MICROCONTROLLER.SchDoc with Header 3 pin from UDEMY_Library.IntLib
Replace Part P5 Header 3 pin in C:\Users\Public\Documents\Altium\Flight_Controller\MICROCONTROLLER.SchDoc with Header 3 pin from UDEMY_Library.IntLib
Replace Part P6 Header 3 pin in C:\Users\Public\Documents\Altium\Flight_Controller\MICROCONTROLLER.SchDoc with Header 3 pin from UDEMY_Library.IntLib
Replace Part P7 Header 3 pin in C:\Users\Public\Documents\Altium\Flight_Controller\MICROCONTROLLER.SchDoc with Header 3 pin from UDEMY_Library.IntLib
Replace Part P8 Header 3 pin in C:\Users\Public\Documents\Altium\Flight_Controller\MICROCONTROLLER.SchDoc with Header 3 pin from UDEMY_Library.IntLib
Replace Part P9 Header 3 pin in C:\Users\Public\Documents\Altium\Flight_Controller\MICROCONTROLLER.SchDoc with Header 3 pin from UDEMY_Library.IntLib
Replace Part P10 Header 3 pin in C:\Users\Public\Documents\Altium\Flight_Controller\MICROCONTROLLER.SchDoc with Header 3 pin from UDEMY_Library.IntLib
Replace Part P11 Connector 2x3 SMD in C:\Users\Public\Documents\Altium\Flight_Controller\MICROCONTROLLER.SchDoc with Connector 2x3 SMD from UDEMY_Library.IntLib
Replace Part PB1 EG1215AA in C:\Users\Public\Documents\Altium\Flight_Controller\MICROCONTROLLER.SchDoc with EG1215AA from UDEMY_LÝBRARY.IntLib
Replace Part Q1 BC817 in C:\Users\Public\Documents\Altium\Flight_Controller\MICROCONTROLLER.SchDoc with BC817 from UDEMY_Library.IntLib
Replace Part R13 RES 15 OHM 0603 in C:\Users\Public\Documents\Altium\Flight_Controller\MICROCONTROLLER.SchDoc with RES 15 OHM 0603 from UDEMY_Library.IntLib
Replace Part R14 RES_100R_0603 in C:\Users\Public\Documents\Altium\Flight_Controller\MICROCONTROLLER.SchDoc with RES_100R_0603 from UDEMY_LÝBRARY.IntLib
Replace Part R15 RES 10K OHM 0603 in C:\Users\Public\Documents\Altium\Flight_Controller\MICROCONTROLLER.SchDoc with RES 10K OHM 0603 from UDEMY_LÝBRARY.IntLib
Replace Part R16 RES 10K OHM 0603 in C:\Users\Public\Documents\Altium\Flight_Controller\MICROCONTROLLER.SchDoc with RES 10K OHM 0603 from UDEMY_Library.IntLib
Replace Part R17 RES 10K OHM 0603 in C:\Users\Public\Documents\Altium\Flight_Controller\MICROCONTROLLER.SchDoc with RES 10K OHM 0603 from UDEMY_Library.IntLib
Replace Part R18 RES 1K OHM 0603 in C:\Users\Public\Documents\Altium\Flight_Controller\MICROCONTROLLER.SchDoc with RES 1K OHM 0603 from UDEMY_Library.IntLib
Replace Part R19 RES 1K OHM 0603 in C:\Users\Public\Documents\Altium\Flight_Controller\MICROCONTROLLER.SchDoc with RES 1K OHM 0603 from UDEMY_Library.IntLib
Replace Part R20 RES 1K OHM 0603 in C:\Users\Public\Documents\Altium\Flight_Controller\MICROCONTROLLER.SchDoc with RES 1K OHM 0603 from UDEMY_Library.IntLib
Replace Part R21 RES 1K OHM 0603 in C:\Users\Public\Documents\Altium\Flight_Controller\MICROCONTROLLER.SchDoc with RES 1K OHM 0603 from UDEMY_Library.IntLib
Replace Part SW1 EG1215AA in C:\Users\Public\Documents\Altium\Flight_Controller\MICROCONTROLLER.SchDoc with EG1215AA from UDEMY_Library.IntLib
Replace Part U5 STM32F405RGT6 in C:\Users\Public\Documents\Altium\Flight_Controller\MICROCONTROLLER.SchDoc with STM32F405RGT6 from UDEMY_Library.IntLib
Replace Part X1 CRYSTAL 32.768kHz in C:\Users\Public\Documents\Altium\Flight_Controller\MICROCONTROLLER.SchDoc with CRYSTAL 32.768kHz from UDEMY_LÝBRARY.IntLib
