Replace Part C19 CAP CER 10nF 0603 in C:\Users\Public\Documents\Altium\Flight_Controller\MODULES.SchDoc with CAP CER 10nF 0603 from UDEMY_Library.IntLib
Replace Part C20 CAP CER 10nF 0603 in C:\Users\Public\Documents\Altium\Flight_Controller\MODULES.SchDoc with CAP CER 10nF 0603 from UDEMY_Library.IntLib
Replace Part C21 CAP CER 10nF 0603 in C:\Users\Public\Documents\Altium\Flight_Controller\MODULES.SchDoc with CAP CER 10nF 0603 from UDEMY_Library.IntLib
Replace Part C22 CAP CER 10nF 0603 in C:\Users\Public\Documents\Altium\Flight_Controller\MODULES.SchDoc with CAP CER 10nF 0603 from UDEMY_Library.IntLib
Replace Part C23 CAP CER 10nF 0603 in C:\Users\Public\Documents\Altium\Flight_Controller\MODULES.SchDoc with CAP CER 10nF 0603 from UDEMY_Library.IntLib
Replace Part C24 CAP CER 10nF 0603 in C:\Users\Public\Documents\Altium\Flight_Controller\MODULES.SchDoc with CAP CER 10nF 0603 from UDEMY_Library.IntLib
Replace Part P12 HEADER 4 PIN in C:\Users\Public\Documents\Altium\Flight_Controller\MODULES.SchDoc with HEADER 4 PIN from UDEMY_Library.IntLib
Replace Part P13 HEADER 4 PIN in C:\Users\Public\Documents\Altium\Flight_Controller\MODULES.SchDoc with HEADER 4 PIN from UDEMY_Library.IntLib
Replace Part P14 HEADER 4 PIN in C:\Users\Public\Documents\Altium\Flight_Controller\MODULES.SchDoc with HEADER 4 PIN from UDEMY_Library.IntLib
Replace Part P15 HEADER 4 PIN in C:\Users\Public\Documents\Altium\Flight_Controller\MODULES.SchDoc with HEADER 4 PIN from UDEMY_Library.IntLib
Replace Part R22 RES 10K OHM 0603 in C:\Users\Public\Documents\Altium\Flight_Controller\MODULES.SchDoc with RES 10K OHM 0603 from UDEMY_Library.IntLib
Replace Part R23 RES 10K OHM 0603 in C:\Users\Public\Documents\Altium\Flight_Controller\MODULES.SchDoc with RES 10K OHM 0603 from UDEMY_Library.IntLib
Replace Part R24 RES 10K OHM 0603 in C:\Users\Public\Documents\Altium\Flight_Controller\MODULES.SchDoc with RES 10K OHM 0603 from UDEMY_Library.IntLib
Replace Part R25 RES 10K OHM 0603 in C:\Users\Public\Documents\Altium\Flight_Controller\MODULES.SchDoc with RES 10K OHM 0603 from UDEMY_Library.IntLib
Replace Part R26 RES 10K OHM 0603 in C:\Users\Public\Documents\Altium\Flight_Controller\MODULES.SchDoc with RES 10K OHM 0603 from UDEMY_Library.IntLib
Replace Part R27 RES 10K OHM 0603 in C:\Users\Public\Documents\Altium\Flight_Controller\MODULES.SchDoc with RES 10K OHM 0603 from UDEMY_Library.IntLib
Replace Part R28 RES 10K OHM 0603 in C:\Users\Public\Documents\Altium\Flight_Controller\MODULES.SchDoc with RES 10K OHM 0603 from UDEMY_Library.IntLib
Replace Part R29 RES 10K OHM 0603 in C:\Users\Public\Documents\Altium\Flight_Controller\MODULES.SchDoc with RES 10K OHM 0603 from UDEMY_Library.IntLib
Replace Part R30 RES 10K OHM 0603 in C:\Users\Public\Documents\Altium\Flight_Controller\MODULES.SchDoc with RES 10K OHM 0603 from UDEMY_Library.IntLib
Replace Part U6 BMP390 in C:\Users\Public\Documents\Altium\Flight_Controller\MODULES.SchDoc with BMP390 from UDEMY_Library.IntLib
Replace Part U7 ICM-20948 in C:\Users\Public\Documents\Altium\Flight_Controller\MODULES.SchDoc with ICM-20948 from UDEMY_Library.IntLib
Replace Part U8 25LC1024 EEPROM in C:\Users\Public\Documents\Altium\Flight_Controller\MODULES.SchDoc with 25LC1024 EEPROM from UDEMY_Library.IntLib
