Replace Part C1 CAP CER 10nF 0603 in C:\Users\Public\Documents\Altium\Flight_Controller\POWER.SchDoc with CAP CER 10nF 0603 from UDEMY_Library.IntLib
Replace Part C2 CAP CER 1uF 0805 in C:\Users\Public\Documents\Altium\Flight_Controller\POWER.SchDoc with CAP CER 1uF 0805 from UDEMY_Library.IntLib
Replace Part C3 CAP CER 1uF 0805 in C:\Users\Public\Documents\Altium\Flight_Controller\POWER.SchDoc with CAP CER 1uF 0805 from UDEMY_Library.IntLib
Replace Part C4 CAP CER 100nF 0603 in C:\Users\Public\Documents\Altium\Flight_Controller\POWER.SchDoc with CAP CER 100nF 0603 from UDEMY_Library.IntLib
Replace Part C5 CAP CER 20pF 0603 in C:\Users\Public\Documents\Altium\Flight_Controller\POWER.SchDoc with CAP CER 20pF 0603 from UDEMY_Library.IntLib
Replace Part C6 CAP CER 33uF 1206 in C:\Users\Public\Documents\Altium\Flight_Controller\POWER.SchDoc with CAP CER 33uF 1206 from UDEMY_Library.IntLib
Replace Part C7 CAP CER 33uF 1206 in C:\Users\Public\Documents\Altium\Flight_Controller\POWER.SchDoc with CAP CER 33uF 1206 from UDEMY_Library.IntLib
Replace Part D1 LED RED 0805 in C:\Users\Public\Documents\Altium\Flight_Controller\POWER.SchDoc with LED RED 0805 from UDEMY_Library.IntLib
Replace Part D2 MBRS320 in C:\Users\Public\Documents\Altium\Flight_Controller\POWER.SchDoc with MBRS320 from UDEMY_Library.IntLib
Replace Part D3 B340A-13F in C:\Users\Public\Documents\Altium\Flight_Controller\POWER.SchDoc with B340A-13F from UDEMY_Library.IntLib
Replace Part F1 FUSE_PTC in C:\Users\Public\Documents\Altium\Flight_Controller\POWER.SchDoc with FUSE_PTC from UDEMY_Library.IntLib
Replace Part J1 TBP01R1-508-02BE in C:\Users\Public\Documents\Altium\Flight_Controller\POWER.SchDoc with TBP01R1-508-02BE from UDEMY_Library.IntLib
Replace Part L1 IND 15uH 3232 in C:\Users\Public\Documents\Altium\Flight_Controller\POWER.SchDoc with IND 15uH 3232 from UDEMY_Library.IntLib
Replace Part R1 RES 10K OHM 0603 in C:\Users\Public\Documents\Altium\Flight_Controller\POWER.SchDoc with RES 10K OHM 0603 from UDEMY_Library.IntLib
Replace Part R2 RES 10K OHM 0603 in C:\Users\Public\Documents\Altium\Flight_Controller\POWER.SchDoc with RES 10K OHM 0603 from UDEMY_Library.IntLib
Replace Part R3 RES 10K OHM 0603 in C:\Users\Public\Documents\Altium\Flight_Controller\POWER.SchDoc with RES 10K OHM 0603 from UDEMY_Library.IntLib
Replace Part R4 RES 10K OHM 0603 in C:\Users\Public\Documents\Altium\Flight_Controller\POWER.SchDoc with RES 10K OHM 0603 from UDEMY_Library.IntLib
Replace Part R5 RES 1K OHM 0603 in C:\Users\Public\Documents\Altium\Flight_Controller\POWER.SchDoc with RES 1K OHM 0603 from UDEMY_Library.IntLib
Replace Part R6 RES 1K OHM 0603 in C:\Users\Public\Documents\Altium\Flight_Controller\POWER.SchDoc with RES 1K OHM 0603 from UDEMY_Library.IntLib
Replace Part R7 RES 220K OHM 0603 in C:\Users\Public\Documents\Altium\Flight_Controller\POWER.SchDoc with RES 220K OHM 0603 from UDEMY_Library.IntLib
Replace Part R8 RES 220K OHM 0603 in C:\Users\Public\Documents\Altium\Flight_Controller\POWER.SchDoc with RES 220K OHM 0603 from UDEMY_Library.IntLib
Replace Part R9 RES 220K OHM 0603 in C:\Users\Public\Documents\Altium\Flight_Controller\POWER.SchDoc with RES 220K OHM 0603 from UDEMY_Library.IntLib
Replace Part R10 RES 220K OHM 0603 in C:\Users\Public\Documents\Altium\Flight_Controller\POWER.SchDoc with RES 220K OHM 0603 from UDEMY_Library.IntLib
Replace Part R11 RES 43K OHM 0603 in C:\Users\Public\Documents\Altium\Flight_Controller\POWER.SchDoc with RES 43K OHM 0603 from UDEMY_Library.IntLib
Replace Part R12 RES 220K OHM 0603 in C:\Users\Public\Documents\Altium\Flight_Controller\POWER.SchDoc with RES 220K OHM 0603 from UDEMY_Library.IntLib
Replace Part U1 USB_C 24PIN in C:\Users\Public\Documents\Altium\Flight_Controller\POWER.SchDoc with USB_C 24PIN from UDEMY_Library.IntLib
Replace Part U2 USB_LC62 in C:\Users\Public\Documents\Altium\Flight_Controller\POWER.SchDoc with USB_LC62 from UDEMY_Library.IntLib
Replace Part U3 NCP718B in C:\Users\Public\Documents\Altium\Flight_Controller\POWER.SchDoc with NCP718B from UDEMY_Library.IntLib
Replace Part U4 MP1584EN in C:\Users\Public\Documents\Altium\Flight_Controller\POWER.SchDoc with MP1584EN from UDEMY_Library.IntLib
